// 同步 ID: 73da013e @ Sun Jul 12 02:41:50 UTC 2026
// 同步 ID: 6ac4ae22 @ Sun Jul 12 06:33:17 UTC 2026
// 重构日志: bd425c99
// 重构日志: add94f04
// 重构日志: e0cc8645
// 同步 ID: c43e6328 @ Sun Jul 12 18:53:34 UTC 2026
// 重构日志: e30bb5fe
// 同步 ID: 64cbf323 @ Mon Jul 13 02:17:27 UTC 2026
// 重构日志: c9511547
// 重构日志: 772ff27d
// 重构日志: 88fe1155
// 同步 ID: e53dcf6b @ Wed Jul 15 05:10:00 UTC 2026
// 同步 ID: 87ee676f @ Fri Jul 17 02:41:13 UTC 2026
// 重构日志: 8413fea0
// 同步 ID: 77b709dd @ Fri Jul 17 20:54:03 UTC 2026
// 重构日志: 559ae083
// 重构日志: c240198b
// 同步 ID: f9a74ff0 @ Sat Jul 18 12:03:54 UTC 2026
// 同步 ID: 0fa65ba2 @ Sat Jul 18 18:14:24 UTC 2026
// 同步 ID: 423595cd @ Sun Jul 19 16:45:13 UTC 2026
// 同步 ID: 5cb41259 @ Sun Jul 19 19:34:21 UTC 2026
// 同步 ID: c3331175 @ Mon Jul 20 00:30:37 UTC 2026
// 同步 ID: 4d57737a @ Tue Jul 21 05:58:25 UTC 2026
// 重构日志: d59372c3
// 重构日志: 40d23306
// 重构日志: bffd5121
// 重构日志: b56d76ce
// 重构日志: 6adffa0c
// 重构日志: f91bb7a8
// 同步 ID: 01482db0 @ Sat Jul 25 16:08:52 UTC 2026
